PC@Linh MINGW64 ~/OneDrive/Tài liệu/TIN HOC CO SO
$ git clone https://github.com/ngoclinh-38/24174600123_Nguyenthingoclinh_baitap.git
Cloning into '24174600123_Nguyenthingoclinh_baitap'...
remote: Enumerating objects: 3, done.
remote: Counting objects: 100% (3/3), done.
remote: Compressing objects: 100% (2/2), done.
remote: Total 3 (delta 0), reused 0 (delta 0), pack-reused 0 (from 0)
Receiving objects: 100% (3/3), done.

PC@Linh MINGW64 ~/OneDrive/Tài liệu/TIN HOC CO SO
$ cd 24174600123_Nguyenthingoclinh_baitap

PC@Linh MINGW64 ~/OneDrive/Tài liệu/TIN HOC CO SO/24174600123_Nguyenthingoclinh_baitap (main)
$ echo "Lorem ipsum dolor sit amet, consectetur adipiscing elit. Integer efficitur, eros at  lacinia suscipit, magna turpis aliquam est, sit amet aliquam quam libero id mi. Ut vel  placerat risus. Sed tempor in ex vitae sodales. Donec et tempor orci. In pharetra viverra  sagittis. Vestibulum risus ante, molestie ac eros efficitur, bibendum tincidunt turpis. In sit  amet tortor gravida, ultricies ante vitae, varius tortor. Aliquam finibus porta nulla sed  gravida. Aliquam ultricies dapibus ante eget molestie. In hac habitasse platea dictumst.  Aliquam aliquam enim at massa pharetra, et vestibulum sapien consequat. Donec  accumsan quis metus at pellentesque. Morbi quis felis placerat, interdum justo a, aliquam  risus." > README.md

PC@Linh MINGW64 ~/OneDrive/Tài liệu/TIN HOC CO SO/24174600123_Nguyenthingoclinh_baitap (main)
$ git add .
warning: in the working copy of 'README.md', LF will be replaced by CRLF the next time Git touches it

PC@Linh MINGW64 ~/OneDrive/Tài liệu/TIN HOC CO SO/24174600123_Nguyenthingoclinh_baitap (main)
$ git commit -m "thay doi file"
[main 43f70a9] thay doi file
 1 file changed, 1 insertion(+), 2 deletions(-)

PC@Linh MINGW64 ~/OneDrive/Tài liệu/TIN HOC CO SO/24174600123_Nguyenthingoclinh_baitap (main)
$ git push origin
Enumerating objects: 5, done.
Counting objects: 100% (5/5), done.
Delta compression using up to 4 threads
Compressing objects: 100% (2/2), done.
Writing objects: 100% (3/3), 618 bytes | 618.00 KiB/s, done.
Total 3 (delta 0), reused 0 (delta 0), pack-reused 0 (from 0)
To https://github.com/ngoclinh-38/24174600123_Nguyenthingoclinh_baitap.git
   6fb4f4f..43f70a9  main -> main

PC@Linh MINGW64 ~/OneDrive/Tài liệu/TIN HOC CO SO/24174600123_Nguyenthingoclinh_baitap (main)
$ git checkout -b "branch_1"
Switched to a new branch 'branch_1'

PC@Linh MINGW64 ~/OneDrive/Tài liệu/TIN HOC CO SO/24174600123_Nguyenthingoclinh_baitap (branch_1)
$ echo "Lorem ipsum dolor sit amet, consectetur adipiscing elit." > text_branch_1.txt

PC@Linh MINGW64 ~/OneDrive/Tài liệu/TIN HOC CO SO/24174600123_Nguyenthingoclinh_baitap (branch_1)
$ git add .
warning: in the working copy of 'text_branch_1.txt', LF will be replaced by CRLF the next time Git touches it

PC@Linh MINGW64 ~/OneDrive/Tài liệu/TIN HOC CO SO/24174600123_Nguyenthingoclinh_baitap (branch_1)
$ git commit -m "tao nhanh 1"
[branch_1 e49a7f1] tao nhanh 1
 1 file changed, 1 insertion(+)
 create mode 100644 text_branch_1.txt

PC@Linh MINGW64 ~/OneDrive/Tài liệu/TIN HOC CO SO/24174600123_Nguyenthingoclinh_baitap (branch_1)
$ git push origin branch_1
Enumerating objects: 4, done.
Counting objects: 100% (4/4), done.
Delta compression using up to 4 threads
Compressing objects: 100% (3/3), done.
Writing objects: 100% (3/3), 337 bytes | 337.00 KiB/s, done.
Total 3 (delta 0), reused 0 (delta 0), pack-reused 0 (from 0)
remote:
remote: Create a pull request for 'branch_1' on GitHub by visiting:
remote:      https://github.com/ngoclinh-38/24174600123_Nguyenthingoclinh_baitap/pull/new/branch_1
remote:
To https://github.com/ngoclinh-38/24174600123_Nguyenthingoclinh_baitap.git
 * [new branch]      branch_1 -> branch_1

PC@Linh MINGW64 ~/OneDrive/Tài liệu/TIN HOC CO SO/24174600123_Nguyenthingoclinh_baitap (branch_1)
$ git checkout main
Switched to branch 'main'
Your branch is up to date with 'origin/main'.

PC@Linh MINGW64 ~/OneDrive/Tài liệu/TIN HOC CO SO/24174600123_Nguyenthingoclinh_baitap (main)
$ git checkout -b "branch_2"
Switched to a new branch 'branch_2'

PC@Linh MINGW64 ~/OneDrive/Tài liệu/TIN HOC CO SO/24174600123_Nguyenthingoclinh_baitap (branch_2)
$ echo "Praesent ullamcorper orci eu erat placerat sodales." > text_branch_2.txt

PC@Linh MINGW64 ~/OneDrive/Tài liệu/TIN HOC CO SO/24174600123_Nguyenthingoclinh_baitap (branch_2)
$ git add .
warning: in the working copy of 'text_branch_2.txt', LF will be replaced by CRLF the next time Git touches it

PC@Linh MINGW64 ~/OneDrive/Tài liệu/TIN HOC CO SO/24174600123_Nguyenthingoclinh_baitap (branch_2)
$ git commit -m "tao nhanh 2"
[branch_2 f77dbd8] tao nhanh 2
 1 file changed, 1 insertion(+)
 create mode 100644 text_branch_2.txt

PC@Linh MINGW64 ~/OneDrive/Tài liệu/TIN HOC CO SO/24174600123_Nguyenthingoclinh_baitap (branch_2)
$ git push origin branch_2
Enumerating objects: 4, done.
Counting objects: 100% (4/4), done.
Delta compression using up to 4 threads
Compressing objects: 100% (3/3), done.
Writing objects: 100% (3/3), 330 bytes | 330.00 KiB/s, done.
Total 3 (delta 0), reused 0 (delta 0), pack-reused 0 (from 0)
remote:
remote: Create a pull request for 'branch_2' on GitHub by visiting:
remote:      https://github.com/ngoclinh-38/24174600123_Nguyenthingoclinh_baitap/pull/new/branch_2
remote:
To https://github.com/ngoclinh-38/24174600123_Nguyenthingoclinh_baitap.git
 * [new branch]      branch_2 -> branch_2

PC@Linh MINGW64 ~/OneDrive/Tài liệu/TIN HOC CO SO/24174600123_Nguyenthingoclinh_baitap (branch_2)
$ git checkout main
Switched to branch 'main'
Your branch is up to date with 'origin/main'.

PC@Linh MINGW64 ~/OneDrive/Tài liệu/TIN HOC CO SO/24174600123_Nguyenthingoclinh_baitap (main)
$ git checkout -b "branch_3"
Switched to a new branch 'branch_3'

PC@Linh MINGW64 ~/OneDrive/Tài liệu/TIN HOC CO SO/24174600123_Nguyenthingoclinh_baitap (branch_3)
$ echo "Integer sit amet nisi aliquam, tempor libero quis, cursus erat." > text_branch_3.txt

PC@Linh MINGW64 ~/OneDrive/Tài liệu/TIN HOC CO SO/24174600123_Nguyenthingoclinh_baitap (branch_3)
$ git add .
warning: in the working copy of 'text_branch_3.txt', LF will be replaced by CRLF the next time Git touches it

PC@Linh MINGW64 ~/OneDrive/Tài liệu/TIN HOC CO SO/24174600123_Nguyenthingoclinh_baitap (branch_3)
$ git commit -m "tao nhanh 3"
[branch_3 dc2b1fc] tao nhanh 3
 1 file changed, 1 insertion(+)
 create mode 100644 text_branch_3.txt

PC@Linh MINGW64 ~/OneDrive/Tài liệu/TIN HOC CO SO/24174600123_Nguyenthingoclinh_baitap (branch_3)
$ git push origin branch_3
Enumerating objects: 4, done.
Counting objects: 100% (4/4), done.
Delta compression using up to 4 threads
Compressing objects: 100% (3/3), done.
Writing objects: 100% (3/3), 338 bytes | 338.00 KiB/s, done.
Total 3 (delta 0), reused 0 (delta 0), pack-reused 0 (from 0)
remote:
remote: Create a pull request for 'branch_3' on GitHub by visiting:
remote:      https://github.com/ngoclinh-38/24174600123_Nguyenthingoclinh_baitap/pull/new/branch_3
remote:
To https://github.com/ngoclinh-38/24174600123_Nguyenthingoclinh_baitap.git
 * [new branch]      branch_3 -> branch_3

PC@Linh MINGW64 ~/OneDrive/Tài liệu/TIN HOC CO SO/24174600123_Nguyenthingoclinh_baitap (branch_3)
$ git checkout main
Switched to branch 'main'
Your branch is up to date with 'origin/main'.

PC@Linh MINGW64 ~/OneDrive/Tài liệu/TIN HOC CO SO/24174600123_Nguyenthingoclinh_baitap (main)
$ git checkout -b "branch_4"
Switched to a new branch 'branch_4'

PC@Linh MINGW64 ~/OneDrive/Tài liệu/TIN HOC CO SO/24174600123_Nguyenthingoclinh_baitap (branch_4)
$ echo "Cras ac mi nec nisi porta ultrices sed non ante." > text_branch_4.txt

PC@Linh MINGW64 ~/OneDrive/Tài liệu/TIN HOC CO SO/24174600123_Nguyenthingoclinh_baitap (branch_4)
$ git add .
warning: in the working copy of 'text_branch_4.txt', LF will be replaced by CRLF the next time Git touches it

PC@Linh MINGW64 ~/OneDrive/Tài liệu/TIN HOC CO SO/24174600123_Nguyenthingoclinh_baitap (branch_4)
$ git commit -m "tao nhanh 4"
[branch_4 88b5a62] tao nhanh 4
 1 file changed, 1 insertion(+)
 create mode 100644 text_branch_4.txt

PC@Linh MINGW64 ~/OneDrive/Tài liệu/TIN HOC CO SO/24174600123_Nguyenthingoclinh_baitap (branch_4)
$ git push origin branch_4
Enumerating objects: 4, done.
Counting objects: 100% (4/4), done.
Delta compression using up to 4 threads
Compressing objects: 100% (2/2), done.
Writing objects: 100% (3/3), 329 bytes | 329.00 KiB/s, done.
Total 3 (delta 0), reused 0 (delta 0), pack-reused 0 (from 0)
remote:
remote: Create a pull request for 'branch_4' on GitHub by visiting:
remote:      https://github.com/ngoclinh-38/24174600123_Nguyenthingoclinh_baitap/pull/new/branch_4
remote:
To https://github.com/ngoclinh-38/24174600123_Nguyenthingoclinh_baitap.git
 * [new branch]      branch_4 -> branch_4

PC@Linh MINGW64 ~/OneDrive/Tài liệu/TIN HOC CO SO/24174600123_Nguyenthingoclinh_baitap (branch_4)
$ git checkout main
Switched to branch 'main'
Your branch is up to date with 'origin/main'.

PC@Linh MINGW64 ~/OneDrive/Tài liệu/TIN HOC CO SO/24174600123_Nguyenthingoclinh_baitap (main)
$ git branch -d branch_4
error: the branch 'branch_4' is not fully merged
hint: If you are sure you want to delete it, run 'git branch -D branch_4'
hint: Disable this message with "git config advice.forceDeleteBranch false"

PC@Linh MINGW64 ~/OneDrive/Tài liệu/TIN HOC CO SO/24174600123_Nguyenthingoclinh_baitap (main)
$ git branch -D branch_4
Deleted branch branch_4 (was 88b5a62).

PC@Linh MINGW64 ~/OneDrive/Tài liệu/TIN HOC CO SO/24174600123_Nguyenthingoclinh_baitap (main)
$ git branch -l
  branch_1
  branch_2
  branch_3
* main

PC@Linh MINGW64 ~/OneDrive/Tài liệu/TIN HOC CO SO/24174600123_Nguyenthingoclinh_baitap (main)
$ git pull
Already up to date.

PC@Linh MINGW64 ~/OneDrive/Tài liệu/TIN HOC CO SO/24174600123_Nguyenthingoclinh_baitap (main)
$ mkdir main_folder

PC@Linh MINGW64 ~/OneDrive/Tài liệu/TIN HOC CO SO/24174600123_Nguyenthingoclinh_baitap (main)
$ cd main_folder

PC@Linh MINGW64 ~/OneDrive/Tài liệu/TIN HOC CO SO/24174600123_Nguyenthingoclinh_baitap/main_folder (main)
$ touch main_txt_1.txt

PC@Linh MINGW64 ~/OneDrive/Tài liệu/TIN HOC CO SO/24174600123_Nguyenthingoclinh_baitap/main_folder (main)
$ touch main_txt_2.txt

PC@Linh MINGW64 ~/OneDrive/Tài liệu/TIN HOC CO SO/24174600123_Nguyenthingoclinh_baitap/main_folder (main)
$ touch main_txt_3.txt
PC@Linh MINGW64 ~/OneDrive/Tài liệu/TIN HOC CO SO/24174600123_Nguyenthingoclinh_baitap (main)
$ git add main_folder

PC@Linh MINGW64 ~/OneDrive/Tài liệu/TIN HOC CO SO/24174600123_Nguyenthingoclinh_baitap (main)
$ git commit -m "them folder"
[main ed3a365] them folder
 3 files changed, 0 insertions(+), 0 deletions(-)
 create mode 100644 main_folder/main_txt_1.txt
 create mode 100644 main_folder/main_txt_2.txt
 create mode 100644 main_folder/main_txt_3.txt

PC@Linh MINGW64 ~/OneDrive/Tài liệu/TIN HOC CO SO/24174600123_Nguyenthingoclinh_baitap (main)
$ git push origin
Enumerating objects: 5, done.
Counting objects: 100% (5/5), done.
Delta compression using up to 4 threads
Compressing objects: 100% (3/3), done.
Writing objects: 100% (4/4), 337 bytes | 337.00 KiB/s, done.
Total 4 (delta 0), reused 0 (delta 0), pack-reused 0 (from 0)
To https://github.com/ngoclinh-38/24174600123_Nguyenthingoclinh_baitap.git
   43f70a9..ed3a365  main -> main

PC@Linh MINGW64 ~/OneDrive/Tài liệu/TIN HOC CO SO/24174600123_Nguyenthingoclinh_baitap (main)
$ git checkout branch_1
Switched to branch 'branch_1'

PC@Linh MINGW64 ~/OneDrive/Tài liệu/TIN HOC CO SO/24174600123_Nguyenthingoclinh_baitap (branch_1)
$ git checkout -b branch_5
Switched to a new branch 'branch_5'
PC@Linh MINGW64 ~/OneDrive/Tài liệu/TIN HOC CO SO/24174600123_Nguyenthingoclinh_baitap (branch_5)
$ echo "Etiam malesuada felis nulla, ac porta dui sollicitudin eget. Mauris hendrerit non metus eget pellentesque. Etiam ornare ante at pretium hendrerit. Proin molestie accumsan sapien, ac finibus libero lobortis quis. Praesent ac commodo eros. Nullam malesuada v el dui nec feugiat. Cras justo ipsum, scelerisque et elit vitae, porttitor tristique turpis. Nam ut hendrerit est. Nulla sed tincidunt nibh. Class aptent taciti sociosqu ad litora torquent per conubia nostra, per inceptos himenaeos. Quisque vitae egestas lacus. Phasellus turpis ante, euismod quis pellentesque et, pharetra id ligula. Vestibulum mattis sem ac ligula auctor viverra. Phasellus dignissim mollis leo, vitae tristique enim." > text_branch_1.txt

PC@Linh MINGW64 ~/OneDrive/Tài liệu/TIN HOC CO SO/24174600123_Nguyenthingoclinh_baitap (branch_5)
$ git add .
warning: in the working copy of 'text_branch_1.txt', LF will be replaced by CRLF the next time Git touches it
PC@Linh MINGW64 ~/OneDrive/Tài liệu/TIN HOC CO SO/24174600123_Nguyenthingoclinh_baitap (branch_5)
$ git commit -m "sua file"
[branch_5 5cb6b90] sua file
 1 file changed, 218 deletions(-)
 delete mode 100644 caulenh.txt.txt

PC@Linh MINGW64 ~/OneDrive/Tài liệu/TIN HOC CO SO/24174600123_Nguyenthingoclinh_baitap (branch_5)
$ git push origin branch_5
Enumerating objects: 3, done.
Counting objects: 100% (3/3), done.
Delta compression using up to 4 threads
Compressing objects: 100% (2/2), done.
Writing objects: 100% (2/2), 216 bytes | 216.00 KiB/s, done.
Total 2 (delta 1), reused 0 (delta 0), pack-reused 0 (from 0)
remote: Resolving deltas: 100% (1/1), completed with 1 local object.
To https://github.com/ngoclinh-38/24174600123_Nguyenthingoclinh_baitap.git
   deb9c31..5cb6b90  branch_5 -> branch_5
PC@Linh MINGW64 ~/OneDrive/Tài liệu/TIN HOC CO SO/24174600123_Nguyenthingoclinh_baitap (branch_5)
$ git checkout main
Switched to branch 'main'
Your branch is up to date with 'origin/main'.

PC@Linh MINGW64 ~/OneDrive/Tài liệu/TIN HOC CO SO/24174600123_Nguyenthingoclinh_baitap (main)
$ git branch -d branch_5
error: the branch 'branch_5' is not fully merged
hint: If you are sure you want to delete it, run 'git branch -D branch_5'
hint: Disable this message with "git config advice.forceDeleteBranch false"

PC@Linh MINGW64 ~/OneDrive/Tài liệu/TIN HOC CO SO/24174600123_Nguyenthingoclinh_baitap (main)
$ git branch -D branch_5
Deleted branch branch_5 (was 5cb6b90).

PC@Linh MINGW64 ~/OneDrive/Tài liệu/TIN HOC CO SO/24174600123_Nguyenthingoclinh_baitap (main)
$ git branch -l
  branch_1
  branch_2
  branch_3
* main

PC@Linh MINGW64 ~/OneDrive/Tài liệu/TIN HOC CO SO/24174600123_Nguyenthingoclinh_baitap (main)
$ git branch -D branch_2
Deleted branch branch_2 (was f77dbd8).

PC@Linh MINGW64 ~/OneDrive/Tài liệu/TIN HOC CO SO/24174600123_Nguyenthingoclinh_baitap (main)
$ git branch -D branch_3
Deleted branch branch_3 (was dc2b1fc).

PC@Linh MINGW64 ~/OneDrive/Tài liệu/TIN HOC CO SO/24174600123_Nguyenthingoclinh_baitap (main)
$ git branch -D branch_4
error: branch 'branch_4' not found

PC@Linh MINGW64 ~/OneDrive/Tài liệu/TIN HOC CO SO/24174600123_Nguyenthingoclinh_baitap (main)
$ git add .

PC@Linh MINGW64 ~/OneDrive/Tài liệu/TIN HOC CO SO/24174600123_Nguyenthingoclinh_baitap (main)
$ git commit -m "xoa nhanh"
On branch main
Your branch is up to date with 'origin/main'.

nothing to commit, working tree clean

PC@Linh MINGW64 ~/OneDrive/Tài liệu/TIN HOC CO SO/24174600123_Nguyenthingoclinh_baitap (main)
$ git fetch
remote: Enumerating objects: 17, done.
remote: Counting objects: 100% (17/17), done.
remote: Compressing objects: 100% (10/10), done.
remote: Total 10 (delta 3), reused 0 (delta 0), pack-reused 0 (from 0)
Unpacking objects: 100% (10/10), 5.49 KiB | 193.00 KiB/s, done.
From https://github.com/ngoclinh-38/24174600123_Nguyenthingoclinh_baitap
   ed3a365..c7750a3  main       -> origin/main
   e49a7f1..610ec22  branch_1   -> origin/branch_1

PC@Linh MINGW64 ~/OneDrive/Tài liệu/TIN HOC CO SO/24174600123_Nguyenthingoclinh_baitap (main)
$ git pull
Updating ed3a365..c7750a3
Fast-forward
 text_branch_1.txt | 1 +
 text_branch_2.txt | 1 +
 text_branch_3.txt | 1 +
 text_branch_4.txt | 1 +
 4 files changed, 4 insertions(+)
 create mode 100644 text_branch_1.txt
 create mode 100644 text_branch_2.txt
 create mode 100644 text_branch_3.txt
 create mode 100644 text_branch_4.txt

PC@Linh MINGW64 ~/OneDrive/Tài liệu/TIN HOC CO SO/24174600123_Nguyenthingoclinh_baitap (main)
$ git pull origin
Already up to date.

PC@Linh MINGW64 ~/OneDrive/Tài liệu/TIN HOC CO SO/24174600123_Nguyenthingoclinh_baitap (main)
$ git branch -l
  branch_1
* main

PC@Linh MINGW64 ~/OneDrive/Tài liệu/TIN HOC CO SO/24174600123_Nguyenthingoclinh_baitap (main)
$ git commit -m "xoa file"
On branch main
Your branch is up to date with 'origin/main'.

nothing to commit, working tree clean

PC@Linh MINGW64 ~/OneDrive/Tài liệu/TIN HOC CO SO/24174600123_Nguyenthingoclinh_baitap (main)
$ git push origin
Everything up-to-date

