ADMIN@DESKTOP-BF4GLA8 MINGW64 ~/Documents/24174600132_VuNgocNam_baitap (nhanh_5)
$ echo "Etiam malesuada felis nulla, ac porta dui sollicitudin eget. Mauris hendrerit non metus eget pellentesque. Etiam ornare ante at pretium hendrerit. Proin molestie accumsan sapien, ac finibus libero lobortis quis. Praesent ac commodo eros. Nullam malesuada v el dui nec feugiat. Cras justo ipsum, scelerisque et elit vitae, porttitor tristique turpis. Nam ut hendrerit est. Nulla sed tincidunt nibh. Class aptent taciti sociosqu ad litora torquent per conubia nostra, per inceptos himenaeos. Quisque vitae egestas lacus. Phasellus turpis ante, euismod quis pellentesque et, pharetra id ligula. Vestibulum mattis sem ac ligula auctor viverra. Phasellus dignissim mollis leo, vitae tristique enim." > file_nhanh1.txt

ADMIN@DESKTOP-BF4GLA8 MINGW64 ~/Documents/24174600132_VuNgocNam_baitap (nhanh_5)
$ git add .
warning: in the working copy of 'file_nhanh1.txt', LF will be replaced by CRLF the next time Git touches it

ADMIN@DESKTOP-BF4GLA8 MINGW64 ~/Documents/24174600132_VuNgocNam_baitap (nhanh_5)
$ git commit -m "Sua doi file"
[nhanh_5 910110b] Sua doi file
 1 file changed, 1 insertion(+), 1 deletion(-)

ADMIN@DESKTOP-BF4GLA8 MINGW64 ~/Documents/24174600132_VuNgocNam_baitap (nhanh_5)
$ git push origin nhanh_5
Enumerating objects: 5, done.
Counting objects: 100% (5/5), done.
Delta compression using up to 12 threads
Compressing objects: 100% (3/3), done.
Writing objects: 100% (3/3), 665 bytes | 665.00 KiB/s, done.
Total 3 (delta 0), reused 0 (delta 0), pack-reused 0 (from 0)
remote:
remote: Create a pull request for 'nhanh_5' on GitHub by visiting:
remote:      https://github.com/NamVu260/24174600132_VuNgocNam_baitap/pull/new/nhanh_5
remote:
To https://github.com/NamVu260/24174600132_VuNgocNam_baitap.git
 * [new branch]      nhanh_5 -> nhanh_5

ADMIN@DESKTOP-BF4GLA8 MINGW64 ~/Documents/24174600132_VuNgocNam_baitap (nhanh_5)
$ git checkout main
Switched to branch 'main'
Your branch is up to date with 'origin/main'.

ADMIN@DESKTOP-BF4GLA8 MINGW64 ~/Documents/24174600132_VuNgocNam_baitap (main)
$ git branch -d nhanh_5
error: the branch 'nhanh_5' is not fully merged
hint: If you are sure you want to delete it, run 'git branch -D nhanh_5'
hint: Disable this message with "git config advice.forceDeleteBranch false"

ADMIN@DESKTOP-BF4GLA8 MINGW64 ~/Documents/24174600132_VuNgocNam_baitap (main)
$ git branch -D nhanh_5
Deleted branch nhanh_5 (was 910110b).

ADMIN@DESKTOP-BF4GLA8 MINGW64 ~/Documents/24174600132_VuNgocNam_baitap (main)
$ git branch -l
* main
  nhanh_1
  nhanh_2
  nhanh_3

ADMIN@DESKTOP-BF4GLA8 MINGW64 ~/Documents/24174600132_VuNgocNam_baitap (main)
$ git branch -D nhanh_1
Deleted branch nhanh_1 (was 8414019).

ADMIN@DESKTOP-BF4GLA8 MINGW64 ~/Documents/24174600132_VuNgocNam_baitap (main)
$ git branch -D nhanh_2
Deleted branch nhanh_2 (was c9e026d).

ADMIN@DESKTOP-BF4GLA8 MINGW64 ~/Documents/24174600132_VuNgocNam_baitap (main)
$ git branch -D nhanh_3
Deleted branch nhanh_3 (was a362678).

ADMIN@DESKTOP-BF4GLA8 MINGW64 ~/Documents/24174600132_VuNgocNam_baitap (main)
$ git add .

ADMIN@DESKTOP-BF4GLA8 MINGW64 ~/Documents/24174600132_VuNgocNam_baitap (main)
$ git commit -m "xoa file"
On branch main
Your branch is up to date with 'origin/main'.

nothing to commit, working tree clean

ADMIN@DESKTOP-BF4GLA8 MINGW64 ~/Documents/24174600132_VuNgocNam_baitap (main)
$ git fetch
remote: Enumerating objects: 15, done.
remote: Counting objects: 100% (15/15), done.
remote: Compressing objects: 100% (9/9), done.
remote: Total 9 (delta 3), reused 0 (delta 0), pack-reused 0 (from 0)
Unpacking objects: 100% (9/9), 4.54 KiB | 108.00 KiB/s, done.
From https://github.com/NamVu260/24174600132_VuNgocNam_baitap
   c8708a0..caf42e1  main       -> origin/main
   8414019..e52e190  nhanh_1    -> origin/nhanh_1

ADMIN@DESKTOP-BF4GLA8 MINGW64 ~/Documents/24174600132_VuNgocNam_baitap (main)
$ git pull
Updating c8708a0..caf42e1
Fast-forward
 file_nhanh1.txt | 1 +
 file_nhanh2.txt | 1 +
 file_nhanh3.txt | 1 +
 file_nhanh4.txt | 1 +
 4 files changed, 4 insertions(+)
 create mode 100644 file_nhanh1.txt
 create mode 100644 file_nhanh2.txt
 create mode 100644 file_nhanh3.txt
 create mode 100644 file_nhanh4.txt

ADMIN@DESKTOP-BF4GLA8 MINGW64 ~/Documents/24174600132_VuNgocNam_baitap (main)
$ git push origin
Everything up-to-date

ADMIN@DESKTOP-BF4GLA8 MINGW64 ~/Documents/24174600132_VuNgocNam_baitap (main)
$ git branch -l
* main

ADMIN@DESKTOP-BF4GLA8 MINGW64 ~/Documents/24174600132_VuNgocNam_baitap (main)
$ git commit -m "xoa file"
On branch main
Your branch is up to date with 'origin/main'.

nothing to commit, working tree clean

ADMIN@DESKTOP-BF4GLA8 MINGW64 ~/Documents/24174600132_VuNgocNam_baitap (main)
$ git push origin
Everything up-to-date

