câu 1
Admin@Quyn MINGW64 ~/Desktop
$ git clone https://github.com/Daothiquyen24174600129/24174600129_Dao_Thi_Quyen_bai_tap_18A3.git
Cloning into '24174600129_Dao_Thi_Quyen_bai_tap_18A3'...
remote: Enumerating objects: 3, done.
remote: Counting objects: 100% (3/3), done.
remote: Total 3 (delta 0), reused 0 (delta 0), pack-reused 0 (from 0)
Receiving objects: 100% (3/3), done.
câu 2
Admin@Quyn MINGW64 ~/Desktop/24174600129_Dao_Thi_Quyen_bai_tap_18A3 (main)
$ git add README.md

Admin@Quyn MINGW64 ~/Desktop/24174600129_Dao_Thi_Quyen_bai_tap_18A3 (main)
$ git commit -m"Lorem ipsum dolor sit amet, consectetur adipiscing elit. Integer efficitur, eros at  lacinia
suscipit, magna turpis aliquam est, sit amet aliquam quam libero id mi. Ut vel  placerat risus.
Sed tempor in ex vitae sodales. Donec et tempor orci. In pharetra viverra  sagittis. Vestibulum
risus ante, molestie ac eros efficitur, bibendum tincidunt turpis. In sit  amet tortor gravida,
ultricies ante vitae, varius tortor. Aliquam finibus porta nulla sed  gravida. Aliquam ultricies
dapibus ante eget molestie. In hac habitasse platea dictumst.  Aliquam aliquam enim at massa
pharetra, et vestibulum sapien consequat. Donec  accumsan quis metus at pellentesque. Morbi
quis felis placerat, interdum justo a, aliquam  risus. "
[main 048c8d7] Lorem ipsum dolor sit amet, consectetur adipiscing elit. Integer efficitur, eros at  lacinia suscipit, magna turpis aliquam est, sit amet aliquam quam libero id mi. Ut vel  placerat risus. Sed tempor in ex vitae sodales. Donec et tempor orci. In pharetra viverra  sagittis. Vestibulum risus ante, molestie ac eros efficitur, bibendum tincidunt turpis. In sit  amet tortor gravida, ultricies ante vitae, varius tortor. Aliquam finibus porta nulla sed  gravida. Aliquam ultricies dapibus ante eget molestie. In hac habitasse platea dictumst.  Aliquam aliquam enim at massa pharetra, et vestibulum sapien consequat. Donec  accumsan quis metus at pellentesque. Morbi quis felis placerat, interdum justo a, aliquam  risus.
 1 file changed, 8 insertions(+), 1 deletion(-)

Admin@Quyn MINGW64 ~/Desktop/24174600129_Dao_Thi_Quyen_bai_tap_18A3 (main)
$ git push origin main
Enumerating objects: 5, done.
Counting objects: 100% (5/5), done.
Delta compression using up to 8 threads
Compressing objects: 100% (2/2), done.
Writing objects: 100% (3/3), 1011 bytes | 1011.00 KiB/s, done.
Total 3 (delta 0), reused 0 (delta 0), pack-reused 0 (from 0)
To https://github.com/Daothiquyen24174600129/24174600129_Dao_Thi_Quyen_bai_tap_18A3.git
   eabf74f..048c8d7  main -> main
câu 3
Admin@Quyn MINGW64 ~/Desktop/24174600129_Dao_Thi_Quyen_bai_tap_18A3 (main)
$ git checkout -b branch_1
Switched to a new branch 'branch_1'

Admin@Quyn MINGW64 ~/Desktop/24174600129_Dao_Thi_Quyen_bai_tap_18A3 (branch_1)
$ echo "Lorem ipsum dolor sit amet, consectetur adipiscing elit."
Lorem ipsum dolor sit amet, consectetur adipiscing elit.

Admin@Quyn MINGW64 ~/Desktop/24174600129_Dao_Thi_Quyen_bai_tap_18A3 (branch_1)
$ echo "Lorem ipsum dolor sit amet, consectetur adipiscing elit." > text_branch_1.txt

Admin@Quyn MINGW64 ~/Desktop/24174600129_Dao_Thi_Quyen_bai_tap_18A3 (branch_1)
$ git add text_branch_1.txt
warning: in the working copy of 'text_branch_1.txt', LF will be replaced by CRLF the next time Git touches it

Admin@Quyn MINGW64 ~/Desktop/24174600129_Dao_Thi_Quyen_bai_tap_18A3 (branch_1)
$  git commit -m "Tạo file và thêm nội dung vào text_branch_1.txt "
[branch_1 715577c] Tạo file và thêm nội dung vào text_branch_1.txt
 1 file changed, 1 insertion(+)
 create mode 100644 text_branch_1.txt

Admin@Quyn MINGW64 ~/Desktop/24174600129_Dao_Thi_Quyen_bai_tap_18A3 (branch_1)
$  git checkout main
Switched to branch 'main'
Your branch is up to date with 'origin/main'.

Admin@Quyn MINGW64 ~/Desktop/24174600129_Dao_Thi_Quyen_bai_tap_18A3 (main)
$  git checkout -b branch_2
Switched to a new branch 'branch_2'

Admin@Quyn MINGW64 ~/Desktop/24174600129_Dao_Thi_Quyen_bai_tap_18A3 (branch_2)
$ echo "Praesent ullamcorper orci eu erat placerat sodales." > text_branch_2.txt

Admin@Quyn MINGW64 ~/Desktop/24174600129_Dao_Thi_Quyen_bai_tap_18A3 (branch_2)
$  git add text_branch_2.txt
warning: in the working copy of 'text_branch_2.txt', LF will be replaced by CRLF the next time Git touches it

Admin@Quyn MINGW64 ~/Desktop/24174600129_Dao_Thi_Quyen_bai_tap_18A3 (branch_2)
$ git commit -m "Tạo file và thêm nội dung vào text_branch_2.txt "
[branch_2 5c2bd54] Tạo file và thêm nội dung vào text_branch_2.txt
 1 file changed, 1 insertion(+)
 create mode 100644 text_branch_2.txt

Admin@Quyn MINGW64 ~/Desktop/24174600129_Dao_Thi_Quyen_bai_tap_18A3 (branch_2)
$  git checkout main
Switched to branch 'main'
Your branch is up to date with 'origin/main'.

Admin@Quyn MINGW64 ~/Desktop/24174600129_Dao_Thi_Quyen_bai_tap_18A3 (main)
$ git checkout -b branch_3
Switched to a new branch 'branch_3'

Admin@Quyn MINGW64 ~/Desktop/24174600129_Dao_Thi_Quyen_bai_tap_18A3 (branch_3)
$ echo "Integer sit amet nisi aliquam, tempor libero quis, cursus erat." > text_branch_3.txt

Admin@Quyn MINGW64 ~/Desktop/24174600129_Dao_Thi_Quyen_bai_tap_18A3 (branch_3)
$ git add text_branch_3.txt
warning: in the working copy of 'text_branch_3.txt', LF will be replaced by CRLF the next time Git touches it

Admin@Quyn MINGW64 ~/Desktop/24174600129_Dao_Thi_Quyen_bai_tap_18A3 (branch_3)
$  git commit -m "Tạo file và thêm nội dung vào text_branch_3.txt "
[branch_3 cb5f23b] Tạo file và thêm nội dung vào text_branch_3.txt
 1 file changed, 1 insertion(+)
 create mode 100644 text_branch_3.txt

Admin@Quyn MINGW64 ~/Desktop/24174600129_Dao_Thi_Quyen_bai_tap_18A3 (branch_3)
$  git checkout main
Switched to branch 'main'
Your branch is up to date with 'origin/main'.

Admin@Quyn MINGW64 ~/Desktop/24174600129_Dao_Thi_Quyen_bai_tap_18A3 (main)
$ git checkout -b branch_4
Switched to a new branch 'branch_4'

Admin@Quyn MINGW64 ~/Desktop/24174600129_Dao_Thi_Quyen_bai_tap_18A3 (branch_4)
$  echo "Cras ac mi nec nisi porta ultrices sed non ante." > text_branch_4.txt

Admin@Quyn MINGW64 ~/Desktop/24174600129_Dao_Thi_Quyen_bai_tap_18A3 (branch_4)
$ git add text_branch_4.txt
warning: in the working copy of 'text_branch_4.txt', LF will be replaced by CRLF the next time Git touches it

Admin@Quyn MINGW64 ~/Desktop/24174600129_Dao_Thi_Quyen_bai_tap_18A3 (branch_4)
$ git commit -m "Tạo file và thêm nội dung vào text_branch_4.txt "
[branch_4 eb02370] Tạo file và thêm nội dung vào text_branch_4.txt
 1 file changed, 1 insertion(+)
 create mode 100644 text_branch_4.txt

Admin@Quyn MINGW64 ~/Desktop/24174600129_Dao_Thi_Quyen_bai_tap_18A3 (branch_4)
$  git checkout main
Switched to branch 'main'
Your branch is up to date with 'origin/main'.

Admin@Quyn MINGW64 ~/Desktop/24174600129_Dao_Thi_Quyen_bai_tap_18A3 (main)
$ git push -u origin main
Everything up-to-date
branch 'main' set up to track 'origin/main'.

Admin@Quyn MINGW64 ~/Desktop/24174600129_Dao_Thi_Quyen_bai_tap_18A3 (main)
$ git push -u origin branch_1
Enumerating objects: 4, done.
Counting objects: 100% (4/4), done.
Delta compression using up to 8 threads
Compressing objects: 100% (3/3), done.
Writing objects: 100% (3/3), 401 bytes | 401.00 KiB/s, done.
Total 3 (delta 0), reused 0 (delta 0), pack-reused 0 (from 0)
remote:
remote: Create a pull request for 'branch_1' on GitHub by visiting:
remote:      https://github.com/Daothiquyen24174600129/24174600129_Dao_Thi_Quyen_bai_tap_18A3/pull/new/branch_1
remote:
To https://github.com/Daothiquyen24174600129/24174600129_Dao_Thi_Quyen_bai_tap_18A3.git
 * [new branch]      branch_1 -> branch_1
branch 'branch_1' set up to track 'origin/branch_1'.

Admin@Quyn MINGW64 ~/Desktop/24174600129_Dao_Thi_Quyen_bai_tap_18A3 (main)
$ git push -u origin branch_2
Enumerating objects: 4, done.
Counting objects: 100% (4/4), done.
Delta compression using up to 8 threads
Compressing objects: 100% (3/3), done.
Writing objects: 100% (3/3), 394 bytes | 394.00 KiB/s, done.
Total 3 (delta 0), reused 0 (delta 0), pack-reused 0 (from 0)
remote:
remote: Create a pull request for 'branch_2' on GitHub by visiting:
remote:      https://github.com/Daothiquyen24174600129/24174600129_Dao_Thi_Quyen_bai_tap_18A3/pull/new/branch_2
remote:
To https://github.com/Daothiquyen24174600129/24174600129_Dao_Thi_Quyen_bai_tap_18A3.git
 * [new branch]      branch_2 -> branch_2
branch 'branch_2' set up to track 'origin/branch_2'.

Admin@Quyn MINGW64 ~/Desktop/24174600129_Dao_Thi_Quyen_bai_tap_18A3 (main)
$ git push -u origin branch_3
Enumerating objects: 4, done.
Counting objects: 100% (4/4), done.
Delta compression using up to 8 threads
Compressing objects: 100% (3/3), done.
Writing objects: 100% (3/3), 404 bytes | 404.00 KiB/s, done.
Total 3 (delta 0), reused 0 (delta 0), pack-reused 0 (from 0)
remote:
remote: Create a pull request for 'branch_3' on GitHub by visiting:
remote:      https://github.com/Daothiquyen24174600129/24174600129_Dao_Thi_Quyen_bai_tap_18A3/pull/new/branch_3
remote:
To https://github.com/Daothiquyen24174600129/24174600129_Dao_Thi_Quyen_bai_tap_18A3.git
 * [new branch]      branch_3 -> branch_3
branch 'branch_3' set up to track 'origin/branch_3'.

Admin@Quyn MINGW64 ~/Desktop/24174600129_Dao_Thi_Quyen_bai_tap_18A3 (main)
$ git push -u origin branch_4
Enumerating objects: 4, done.
Counting objects: 100% (4/4), done.
Delta compression using up to 8 threads
Compressing objects: 100% (2/2), done.
Writing objects: 100% (3/3), 394 bytes | 197.00 KiB/s, done.
Total 3 (delta 0), reused 0 (delta 0), pack-reused 0 (from 0)
remote:
remote: Create a pull request for 'branch_4' on GitHub by visiting:
remote:      https://github.com/Daothiquyen24174600129/24174600129_Dao_Thi_Quyen_bai_tap_18A3/pull/new/branch_4
remote:
To https://github.com/Daothiquyen24174600129/24174600129_Dao_Thi_Quyen_bai_tap_18A3.git
 * [new branch]      branch_4 -> branch_4
branch 'branch_4' set up to track 'origin/branch_4'.
câu 4
Admin@Quyn MINGW64 ~/Desktop/24174600129_Dao_Thi_Quyen_bai_tap_18A3 (main)
$ git branch -D branch_4
Deleted branch branch_4 (was eb02370).

Admin@Quyn MINGW64 ~/Desktop/24174600129_Dao_Thi_Quyen_bai_tap_18A3 (main)
$  git branch --list
  branch_1
  branch_2
  branch_3
* main
câu 5
Admin@Quyn MINGW64 ~/Desktop/24174600129_Dao_Thi_Quyen_bai_tap_18A3 (main)
$ git pull
Already up to date.
câu 7
Admin@Quyn MINGW64 ~/Desktop/24174600129_Dao_Thi_Quyen_bai_tap_18A3 (main)
$ mkdir main_folder

Admin@Quyn MINGW64 ~/Desktop/24174600129_Dao_Thi_Quyen_bai_tap_18A3 (main)
$ cd main_folder

Admin@Quyn MINGW64 ~/Desktop/24174600129_Dao_Thi_Quyen_bai_tap_18A3/main_folder (main)
$ touch main_txt_1.txt main_txt_2.txt main_txt_3.txt

Admin@Quyn MINGW64 ~/Desktop/24174600129_Dao_Thi_Quyen_bai_tap_18A3/main_folder (main)
$  git add .

Admin@Quyn MINGW64 ~/Desktop/24174600129_Dao_Thi_Quyen_bai_tap_18A3/main_folder (main)
$  git commit -m " day la main_foler"
[main 0f6e8ea]  day la main_foler
 3 files changed, 0 insertions(+), 0 deletions(-)
 create mode 100644 main_folder/main_txt_1.txt
 create mode 100644 main_folder/main_txt_2.txt
 create mode 100644 main_folder/main_txt_3.txt

Admin@Quyn MINGW64 ~/Desktop/24174600129_Dao_Thi_Quyen_bai_tap_18A3/main_folder (main)
$ git pull origin main
From https://github.com/Daothiquyen24174600129/24174600129_Dao_Thi_Quyen_bai_tap_18A3
 * branch            main       -> FETCH_HEAD
Already up to date.
Admin@Quyn MINGW64 ~/Desktop/24174600129_Dao_Thi_Quyen_bai_tap_18A3/main_folder (main)
$  git push origin main
Enumerating objects: 5, done.
Counting objects: 100% (5/5), done.
Delta compression using up to 8 threads
Compressing objects: 100% (3/3), done.
Writing objects: 100% (4/4), 364 bytes | 364.00 KiB/s, done.
Total 4 (delta 0), reused 0 (delta 0), pack-reused 0 (from 0)
To https://github.com/Daothiquyen24174600129/24174600129_Dao_Thi_Quyen_bai_tap_18A3.git
   048c8d7..0f6e8ea  main -> main

Admin@Quyn MINGW64 ~/Desktop/24174600129_Dao_Thi_Quyen_bai_tap_18A3/main_folder (main)
$  git pull origin main
From https://github.com/Daothiquyen24174600129/24174600129_Dao_Thi_Quyen_bai_tap_18A3
 * branch            main       -> FETCH_HEAD
Already up to date.
câu 8
Admin@Quyn MINGW64 ~/Desktop/24174600129_Dao_Thi_Quyen_bai_tap_18A3/main_folder (main)
$ git checkout branch_1
Switched to branch 'branch_1'
Your branch is up to date with 'origin/branch_1'.

Admin@Quyn MINGW64 ~/Desktop/24174600129_Dao_Thi_Quyen_bai_tap_18A3/main_folder (branch_1)
$ cd ..

Admin@Quyn MINGW64 ~/Desktop/24174600129_Dao_Thi_Quyen_bai_tap_18A3 (branch_1)
$ git checkout branch_5
error: pathspec 'branch_5' did not match any file(s) known to git

Admin@Quyn MINGW64 ~/Desktop/24174600129_Dao_Thi_Quyen_bai_tap_18A3 (branch_1)
$ git checkout -b branch_5
Switched to a new branch 'branch_5'

Admin@Quyn MINGW64 ~/Desktop/24174600129_Dao_Thi_Quyen_bai_tap_18A3 (branch_5)
$  echo "Etiam malesuada felis nulla, ac porta dui sollicitudin eget. Mauris hendrerit non  metus eget pellentesque. Etiam ornare ante at pretium hendrerit. Proin molestie accumsan  sapien, ac finibus libero lobortis quis. Praesent ac commodo eros. Nullam malesuada v el  dui nec feugiat. Cras justo ipsum, scelerisque et elit vitae, porttitor tristique turpis. Nam  ut hendrerit est. Nulla sed tincidunt nibh. Class aptent taciti sociosqu ad litora torquent  per conubia nostra, per inceptos himenaeos. Quisque vitae egestas lacus. Phasellus turpis  ante, euismod quis pellentesque et, pharetra id ligula. Vestibulum mattis sem ac ligula  auctor viverra. Phasellus dignissim mollis leo, vitae tristique enim. ">text_branch_1.txt

Admin@Quyn MINGW64 ~/Desktop/24174600129_Dao_Thi_Quyen_bai_tap_18A3 (branch_5)
$  git add text_branch_1.txt
warning: in the working copy of 'text_branch_1.txt', LF will be replaced by CRLF the next time Git touches it

Admin@Quyn MINGW64 ~/Desktop/24174600129_Dao_Thi_Quyen_bai_tap_18A3 (branch_5)
$ git commit -m " chinh sua branch_1 trong branch_5"
[branch_5 d3f5788]  chinh sua branch_1 trong branch_5
 1 file changed, 1 insertion(+), 1 deletion(-)

Admin@Quyn MINGW64 ~/Desktop/24174600129_Dao_Thi_Quyen_bai_tap_18A3 (branch_5)
$ git push origin branch_5
Enumerating objects: 5, done.
Counting objects: 100% (5/5), done.
Delta compression using up to 8 threads
Compressing objects: 100% (3/3), done.
Writing objects: 100% (3/3), 697 bytes | 697.00 KiB/s, done.
Total 3 (delta 0), reused 0 (delta 0), pack-reused 0 (from 0)
remote:
remote: Create a pull request for 'branch_5' on GitHub by visiting:
remote:      https://github.com/Daothiquyen24174600129/24174600129_Dao_Thi_Quyen_bai_tap_18A3/pull/new/branch_5
remote:
To https://github.com/Daothiquyen24174600129/24174600129_Dao_Thi_Quyen_bai_tap_18A3.git
 * [new branch]      branch_5 -> branch_5

Admin@Quyn MINGW64 ~/Desktop/24174600129_Dao_Thi_Quyen_bai_tap_18A3 (branch_5)
$ git push origin --delete branch_5
To https://github.com/Daothiquyen24174600129/24174600129_Dao_Thi_Quyen_bai_tap_18A3.git
 - [deleted]         branch_5

Admin@Quyn MINGW64 ~/Desktop/24174600129_Dao_Thi_Quyen_bai_tap_18A3 (branch_5)
$  git checkout main
Switched to branch 'main'
Your branch is up to date with 'origin/main'.

Admin@Quyn MINGW64 ~/Desktop/24174600129_Dao_Thi_Quyen_bai_tap_18A3 (main)
$ git branch -D branch_5
Deleted branch branch_5 (was d3f5788).
câu 9
làm trên pull
câu 10
Admin@Quyn MINGW64 ~/Desktop/24174600129_Dao_Thi_Quyen_bai_tap_18A3 (main)
$ git branch -d branch_2
warning: deleting branch 'branch_2' that has been merged to
         'refs/remotes/origin/branch_2', but not yet merged to HEAD
Deleted branch branch_2 (was 5c2bd54).

Admin@Quyn MINGW64 ~/Desktop/24174600129_Dao_Thi_Quyen_bai_tap_18A3 (main)
$ git branch -d branch_3
warning: deleting branch 'branch_3' that has been merged to
         'refs/remotes/origin/branch_3', but not yet merged to HEAD
Deleted branch branch_3 (was cb5f23b).

Admin@Quyn MINGW64 ~/Desktop/24174600129_Dao_Thi_Quyen_bai_tap_18A3 (main)
$ git branch -d branch_4
error: branch 'branch_4' not found

Admin@Quyn MINGW64 ~/Desktop/24174600129_Dao_Thi_Quyen_bai_tap_18A3 (main)
$  git push origin --delete branch_2
To https://github.com/Daothiquyen24174600129/24174600129_Dao_Thi_Quyen_bai_tap_18A3.git
 - [deleted]         branch_2

Admin@Quyn MINGW64 ~/Desktop/24174600129_Dao_Thi_Quyen_bai_tap_18A3 (main)
$ git push origin --delete branch_3
To https://github.com/Daothiquyen24174600129/24174600129_Dao_Thi_Quyen_bai_tap_18A3.git
 - [deleted]         branch_3

Admin@Quyn MINGW64 ~/Desktop/24174600129_Dao_Thi_Quyen_bai_tap_18A3 (main)
$ git push origin --delete branch_4
To https://github.com/Daothiquyen24174600129/24174600129_Dao_Thi_Quyen_bai_tap_18A3.git
 - [deleted]         branch_4

Admin@Quyn MINGW64 ~/Desktop/24174600129_Dao_Thi_Quyen_bai_tap_18A3 (main)
$ git checkout branch_1
Switched to branch 'branch_1'
Your branch is up to date with 'origin/branch_1'.

Admin@Quyn MINGW64 ~/Desktop/24174600129_Dao_Thi_Quyen_bai_tap_18A3 (branch_1)
$  git pull origin main
remote: Enumerating objects: 23, done.
remote: Counting objects: 100% (23/23), done.
remote: Compressing objects: 100% (19/19), done.
remote: Total 20 (delta 8), reused 5 (delta 0), pack-reused 0 (from 0)
Unpacking objects: 100% (20/20), 7.86 KiB | 118.00 KiB/s, done.
From https://github.com/Daothiquyen24174600129/24174600129_Dao_Thi_Quyen_bai_tap_18A3
 * branch            main       -> FETCH_HEAD
   0f6e8ea..b825e36  main       -> origin/main
Updating 715577c..b825e36
Fast-forward
 caulenh.txt                | 312 +++++++++++++++++++++++++++++++++++++++++++++
 main_folder/main_txt_1.txt |   0
 main_folder/main_txt_2.txt |   0
 main_folder/main_txt_3.txt |   0
 text_branch_2.txt          |   1 +
 text_branch_3.txt          |   1 +
 text_branch_4.txt          |   1 +
 7 files changed, 315 insertions(+)
 create mode 100644 caulenh.txt
 create mode 100644 main_folder/main_txt_1.txt
 create mode 100644 main_folder/main_txt_2.txt
 create mode 100644 main_folder/main_txt_3.txt
 create mode 100644 text_branch_2.txt
 create mode 100644 text_branch_3.txt
 create mode 100644 text_branch_4.txt

Admin@Quyn MINGW64 ~/Desktop/24174600129_Dao_Thi_Quyen_bai_tap_18A3 (branch_1)
$ git pull origin main
From https://github.com/Daothiquyen24174600129/24174600129_Dao_Thi_Quyen_bai_tap_18A3
 * branch            main       -> FETCH_HEAD
Already up to date.

